---
source: crates/runtime/tests/models/openai.rs
expression: normalize_search_response(response)
---
{"duration_ms":"duration_ms_val","matches":[{"dataset":"item","metadata":{"i_color":"royal","i_item_id":"AAAAAAAAOAAAAAAA"},"primary_key":{"i_item_sk":15},"score":"score_val","value":"Important grounds rip there just big vehicles. Journalists w"},{"dataset":"item","metadata":{"i_color":"red","i_item_id":"AAAAAAAAOAAAAAAA"},"primary_key":{"i_item_sk":14},"score":"score_val","value":"Important grounds rip there just big vehicles. Journalists w"}]}
