---
source: crates/runtime/tests/models/openai.rs
expression: normalize_embeddings_response(response)
---
{"data":[{"embedding":"array_256_items","index":0,"object":"embedding"},{"embedding":"array_256_items","index":1,"object":"embedding"}],"model":"text-embedding-3-small","object":"list","usage":{"prompt_tokens":8,"total_tokens":8}}
