---
source: crates/runtime/tests/models/mod.rs
expression: normalize_search_response(response)
---
{
  "duration_ms": "duration_ms_val",
  "matches": [
    {
      "dataset": "catalog_page_with_chunking",
      "primary_key": {
        "cp_catalog_page_sk": 1
      },
      "score": "0.6891",
      "value": "In general basic characters welcome. Clearly lively friends con"
    }
  ]
}
