---
source: crates/runtime/tests/models/openai.rs
expression: "sql_to_display(&rt,\nformat!(r#\"SELECT task, count(1)\n                FROM runtime.task_history\n                WHERE start_time >= '{}'\n                AND task in ('tool_use::list_datasets', 'tool_use::sql', 'tool_use::sql_query')\n                GROUP BY task\n                ORDER BY task;\n            \"#,\nInto::<DateTime<Utc>>::into(task_start_time).to_rfc3339()).as_str()).await.expect(\"Failed to execute HTTP SQL query\")"
snapshot_kind: text
---
+-------------------------+-----------------+
| task                    | count(Int64(1)) |
+-------------------------+-----------------+
| tool_use::list_datasets | 1               |
| tool_use::sql           | 1               |
+-------------------------+-----------------+
