---
source: crates/runtime/benches/bench.rs
expression: records_pretty
---
+------------------+------------------+--------------+--------------+
| call_center      | call_center_name | manager      | returns_loss |
+------------------+------------------+--------------+--------------+
| AAAAAAAAEAAAAAAA | North Midwest    | Larry Mccray | 3486.41      |
| AAAAAAAABAAAAAAA | NY Metro         | Bob Belcher  | 3803.30      |
| AAAAAAAAEAAAAAAA | North Midwest    | Larry Mccray | 490.38       |
+------------------+------------------+--------------+--------------+
