---
source: crates/runtime/benches/bench.rs
expression: records_pretty
---
+---------+------+--------------+-------------+---------------+
| channel | item | return_ratio | return_rank | currency_rank |
+---------+------+--------------+-------------+---------------+
| catalog | 125  | 0.92500000   | 1           | 1             |
+---------+------+--------------+-------------+---------------+
