---
source: crates/runtime/benches/bench.rs
expression: records_pretty
snapshot_kind: text
---
+-----------+---------+-------------------+
| cntrycode | numcust | totacctbal        |
+-----------+---------+-------------------+
| 13        | 888     | 6737713.989999997 |
| 17        | 861     | 6460573.719999995 |
| 18        | 964     | 7236687.400000001 |
| 23        | 892     | 6701457.950000001 |
| 29        | 948     | 7158866.629999994 |
| 30        | 909     | 6808436.130000001 |
| 31        | 922     | 6806670.179999993 |
+-----------+---------+-------------------+
