---
source: crates/runtime/benches/bench.rs
expression: records_pretty
snapshot_kind: text
---
+-------------+-------------+--------+--------------------+
| supp_nation | cust_nation | l_year | revenue            |
+-------------+-------------+--------+--------------------+
| FRANCE      | GERMANY     | 1995.0 | 54639732.73360008  |
| FRANCE      | GERMANY     | 1996.0 | 54633083.307599954 |
| GERMANY     | FRANCE      | 1995.0 | 52531746.6697001   |
| GERMANY     | FRANCE      | 1996.0 | 52520549.02239997  |
+-------------+-------------+--------+--------------------+
