---
source: crates/runtime/benches/bench.rs
expression: records_pretty
snapshot_kind: text
---
+--------+----------------+
| o_year | mkt_share      |
+--------+----------------+
| 1995.0 | 0.034435890406 |
| 1996.0 | 0.041485521293 |
+--------+----------------+
