---
source: crates/runtime/benches/bench.rs
description: "Query: SELECT * FROM (SELECT o_orderkey + 1 FROM orders) AS c(key) LIMIT 10\n"
---
+---------------+---------------------------------------------------------------------------------------------------------------------------------------------------------------------------------------------------------------------------------------------------------------------------------------------------------------------------------------+
| plan_type     | plan                                                                                                                                                                                                                                                                                                                                  |
+---------------+---------------------------------------------------------------------------------------------------------------------------------------------------------------------------------------------------------------------------------------------------------------------------------------------------------------------------------------+
| logical_plan  | BytesProcessedNode                                                                                                                                                                                                                                                                                                                    |
|               |   Federated                                                                                                                                                                                                                                                                                                                           |
|               |  Limit: skip=0, fetch=10                                                                                                                                                                                                                                                                                                              |
|               |   Projection: c.key                                                                                                                                                                                                                                                                                                                   |
|               |     SubqueryAlias: c                                                                                                                                                                                                                                                                                                                  |
|               |       Projection: CAST(orders.o_orderkey AS Int64) + Int64(1) AS key                                                                                                                                                                                                                                                                  |
|               |         TableScan: orders projection=[o_orderkey]                                                                                                                                                                                                                                                                                     |
| physical_plan | BytesProcessedExec                                                                                                                                                                                                                                                                                                                    |
|               |   SchemaCastScanExec                                                                                                                                                                                                                                                                                                                  |
|               |     VirtualExecutionPlan name=spice.ai compute_context=url=https://flight.spiceai.io,username= sql=SELECT c."key" FROM (SELECT (CAST(c.o_orderkey AS BIGINT) + 1) AS "key" FROM orders AS c) AS c LIMIT 10 rewritten_sql=SELECT c."key" FROM (SELECT (CAST(c.o_orderkey AS BIGINT) + 1) AS "key" FROM tpch.orders AS c) AS c LIMIT 10 |
|               |                                                                                                                                                                                                                                                                                                                                       |
+---------------+---------------------------------------------------------------------------------------------------------------------------------------------------------------------------------------------------------------------------------------------------------------------------------------------------------------------------------------+
