---
source: crates/runtime/benches/bench.rs
expression: records_pretty
snapshot_kind: text
---
+------------+-----------------+---------------------+----------------+
| l_orderkey | revenue         | o_orderdate         | o_shippriority |
+------------+-----------------+---------------------+----------------+
| 2456423    | 406181.01110000 | 1995-03-05T00:00:00 | 0              |
| 3459808    | 405838.69890000 | 1995-03-04T00:00:00 | 0              |
| 492164     | 390324.06100000 | 1995-02-19T00:00:00 | 0              |
| 1188320    | 384537.93590000 | 1995-03-09T00:00:00 | 0              |
| 2435712    | 378673.05580000 | 1995-02-26T00:00:00 | 0              |
| 4878020    | 378376.79520000 | 1995-03-12T00:00:00 | 0              |
| 5521732    | 375153.92150000 | 1995-03-13T00:00:00 | 0              |
| 2628192    | 373133.30940000 | 1995-02-22T00:00:00 | 0              |
| 993600     | 371407.45950000 | 1995-03-05T00:00:00 | 0              |
| 2300070    | 367371.14520000 | 1995-03-13T00:00:00 | 0              |
+------------+-----------------+---------------------+----------------+
