---
source: crates/runtime/benches/bench.rs
expression: records_pretty
snapshot_kind: text
---
+------------+---------------+
| ps_partkey | value         |
+------------+---------------+
| 129760     | 17538456.8600 |
| 166726     | 16503353.9200 |
| 191287     | 16474801.9700 |
| 161758     | 16101755.5400 |
| 34452      | 15983844.7200 |
| 139035     | 15907078.3400 |
| 9403       | 15451755.6200 |
| 154358     | 15212937.8800 |
| 38823      | 15064802.8600 |
| 85606      | 15053957.1500 |
+------------+---------------+
