---
source: crates/runtime/benches/bench.rs
expression: records_pretty
---
+-------------+
| am_pm_ratio |
+-------------+
| 0.87500000  |
+-------------+
