---
source: crates/runtime/benches/bench.rs
expression: records_pretty
snapshot_kind: text
---
+--------------+--------------+----------+--------------------+--------------------+--------------------+--------------------+--------------------+----------------------+-------------+
| l_returnflag | l_linestatus | sum_qty  | sum_base_price     | sum_disc_price     | sum_charge         | avg_qty            | avg_price          | avg_disc             | count_order |
+--------------+--------------+----------+--------------------+--------------------+--------------------+--------------------+--------------------+----------------------+-------------+
| A            | F            | 37734107 | 56586554400.72947  | 53758257134.869736 | 55909065222.82739  | 25.522005853257337 | 38273.12973462131  | 0.04998529583843622  | 1478493     |
| N            | F            | 991417   | 1487504710.379999  | 1413082168.0540974 | 1469649223.19438   | 25.516471920522985 | 38284.467760848274 | 0.05009342667421453  | 38854       |
| N            | O            | 74476040 | 111701729697.7402  | 106118230307.60562 | 110367043872.49718 | 25.50222676958499  | 38249.11798890834  | 0.049996586053619695 | 2920374     |
| R            | F            | 37719753 | 56568041380.898575 | 53741292684.604065 | 55889619119.83243  | 25.50579361269077  | 38250.85462609869  | 0.050009405830165554 | 1478870     |
+--------------+--------------+----------+--------------------+--------------------+--------------------+--------------------+--------------------+----------------------+-------------+
