---
source: crates/runtime/benches/bench.rs
expression: records_pretty
---
+-----------+--------+---------+-----------+--------+---------+-----------+--------+---------+-----------+--------+---------+-----------+--------+---------+------------+--------+---------+
| b1_lp     | b1_cnt | b1_cntd | b2_lp     | b2_cnt | b2_cntd | b3_lp     | b3_cnt | b3_cntd | b4_lp     | b4_cnt | b4_cntd | b5_lp     | b5_cnt | b5_cntd | b6_lp      | b6_cnt | b6_cntd |
+-----------+--------+---------+-----------+--------+---------+-----------+--------+---------+-----------+--------+---------+-----------+--------+---------+------------+--------+---------+
| 54.676527 | 357    | 346     | 89.351977 | 344    | 340     | 58.990556 | 288    | 280     | 70.273531 | 371    | 360     | 89.852032 | 315    | 311     | 108.428782 | 271    | 268     |
+-----------+--------+---------+-----------+--------+---------+-----------+--------+---------+-----------+--------+---------+-----------+--------+---------+------------+--------+---------+
