---
source: crates/runtime/benches/bench.rs
expression: records_pretty
snapshot_kind: text
---
+-----------+--------+--------------------+
| nation    | o_year | sum_profit         |
+-----------+--------+--------------------+
| ALGERIA   | 1998.0 | 27136900.180300035 |
| ALGERIA   | 1997.0 | 48611833.49619995  |
| ALGERIA   | 1996.0 | 48285482.67819989  |
| ALGERIA   | 1995.0 | 44402273.59990019  |
| ALGERIA   | 1994.0 | 48694008.06680002  |
| ALGERIA   | 1993.0 | 46044207.78380003  |
| ALGERIA   | 1992.0 | 45636849.488100074 |
| ARGENTINA | 1998.0 | 28341663.78480002  |
| ARGENTINA | 1997.0 | 47143964.117599994 |
| ARGENTINA | 1996.0 | 45255278.60210006  |
+-----------+--------+--------------------+
