---
source: crates/runtime/benches/bench.rs
expression: records_pretty
snapshot_kind: text
---
+-----------+--------------------+
| n_name    | revenue            |
+-----------+--------------------+
| INDONESIA | 55502041.169699974 |
| VIETNAM   | 55295086.996699944 |
| CHINA     | 53724494.25660003  |
| INDIA     | 52035512.00020005  |
| JAPAN     | 45410175.695399985 |
+-----------+--------------------+
