---
source: crates/runtime/tests/spiceai/mod.rs
description: Spice.ai Test Results
---
+----------+----------------------+-----------------------+-----------------+---------------+------------+--------------------+--------------+--------------+--------------+-------------+-------+---------+------------+--------------+-----------------------+--------------+----------------------+-------------+
| VendorID | tpep_pickup_datetime | tpep_dropoff_datetime | passenger_count | trip_distance | RatecodeID | store_and_fwd_flag | PULocationID | DOLocationID | payment_type | fare_amount | extra | mta_tax | tip_amount | tolls_amount | improvement_surcharge | total_amount | congestion_surcharge | Airport_fee |
+----------+----------------------+-----------------------+-----------------+---------------+------------+--------------------+--------------+--------------+--------------+-------------+-------+---------+------------+--------------+-----------------------+--------------+----------------------+-------------+
| 2        | 2024-02-01T00:01:15  | 2024-02-01T00:06:30   | 1               | 1.1           | 1          | N                  | 161          | 234          | 1            | 7.9         | 1.0   | 0.5     | 2.58       | 0.0          | 1.0                   | 15.48        | 2.5                  | 0.0         |
| 2        | 2024-02-01T00:00:39  | 2024-02-01T00:12:08   | 5               | 2.22          | 1          | N                  | 186          | 79           | 1            | 13.5        | 1.0   | 0.5     | 3.7        | 0.0          | 1.0                   | 22.2         | 2.5                  | 0.0         |
| 2        | 2024-02-01T00:00:17  | 2024-02-01T00:20:13   | 1               | 8.93          | 1          | N                  | 138          | 152          | 2            | 36.6        | 6.0   | 0.5     | 0.0        | 6.94         | 1.0                   | 52.79        | 0.0                  | 1.75        |
| 2        | 2024-01-31T23:59:55  | 2024-02-01T00:09:38   | 1               | 1.66          | 1          | N                  | 68           | 246          | 1            | 12.1        | 1.0   | 0.5     | 2.0        | 0.0          | 1.0                   | 19.1         | 2.5                  | 0.0         |
| 1        | 2024-01-31T23:59:54  | 2024-02-01T00:30:47   | 1               | 5.6           | 1          | N                  | 132          | 216          | 3            | 29.6        | 1.75  | 0.5     | 0.0        | 0.0          | 1.0                   | 32.85        | 0.0                  | 1.75        |
| 2        | 2024-01-31T23:59:54  | 2024-02-01T00:00:06   | 1               | 0.0           | 1          | N                  | 70           | 70           | 2            | 3.0         | 1.0   | 0.5     | 0.0        | 0.0          | 1.0                   | 5.5          | 0.0                  | 0.0         |
| 2        | 2024-01-31T23:59:51  | 2024-02-01T00:41:45   | 2               | 19.03         | 2          | N                  | 132          | 262          | 1            | 70.0        | 0.0   | 0.5     | 10.0       | 6.94         | 1.0                   | 92.69        | 2.5                  | 1.75        |
| 2        | 2024-01-31T23:59:50  | 2024-02-01T00:05:35   | 1               | 0.69          | 1          | N                  | 163          | 50           | 1            | 7.2         | 1.0   | 0.5     | 2.44       | 0.0          | 1.0                   | 14.64        | 2.5                  | 0.0         |
| 2        | 2024-01-31T23:59:47  | 2024-02-01T00:25:47   | 1               | 13.4          | 4          | N                  | 132          | 265          | 1            | 74.4        | 1.0   | 0.5     | 10.0       | 0.0          | 1.0                   | 88.65        | 0.0                  | 1.75        |
| 1        | 2024-01-31T23:59:44  | 2024-02-01T00:10:45   | 1               | 1.9           | 1          | N                  | 249          | 170          | 2            | 11.4        | 2.5   | 0.5     | 0.0        | 0.0          | 1.0                   | 15.4         | 2.5                  | 0.0         |
+----------+----------------------+-----------------------+-----------------+---------------+------------+--------------------+--------------+--------------+--------------+-------------+-------+---------+------------+--------------+-----------------------+--------------+----------------------+-------------+
