---
source: crates/runtime/tests/integration.rs
description: "Query: SELECT SUM(small_decimal), SUM(medium_decimal), SUM(large_decimal), SUM(precise_decimal) FROM decimal"
snapshot_kind: text
---
+---------------+---------------------------------------------------------------------------------------------------------------------------------------------------------------------------------------------------------------------------------------------------------------------------------------------------------------------------------------------------------------------------------------+
| plan_type     | plan                                                                                                                                                                                                                                                                                                                                                                                  |
+---------------+---------------------------------------------------------------------------------------------------------------------------------------------------------------------------------------------------------------------------------------------------------------------------------------------------------------------------------------------------------------------------------------+
| logical_plan  | BytesProcessedNode                                                                                                                                                                                                                                                                                                                                                                    |
|               |   Federated                                                                                                                                                                                                                                                                                                                                                                           |
|               |  Projection: sum(decimal.small_decimal), sum(decimal.medium_decimal), sum(decimal.large_decimal), sum(decimal.precise_decimal)                                                                                                                                                                                                                                                        |
|               |   Aggregate: groupBy=[[]], aggr=[[sum(decimal.small_decimal), sum(decimal.medium_decimal), sum(decimal.large_decimal), sum(decimal.precise_decimal)]]                                                                                                                                                                                                                                 |
|               |     TableScan: decimal                                                                                                                                                                                                                                                                                                                                                                |
| physical_plan | BytesProcessedExec                                                                                                                                                                                                                                                                                                                                                                    |
|               |   SchemaCastScanExec                                                                                                                                                                                                                                                                                                                                                                  |
|               |     VirtualExecutionPlan name=sqlite compute_context=memory sql=SELECT sum("decimal".small_decimal), sum("decimal".medium_decimal), sum("decimal".large_decimal), sum("decimal".precise_decimal) FROM "decimal" rewritten_sql=SELECT sum(`decimal`.`small_decimal`), sum(`decimal`.`medium_decimal`), sum(`decimal`.`large_decimal`), sum(`decimal`.`precise_decimal`) FROM `decimal` |
|               |                                                                                                                                                                                                                                                                                                                                                                                       |
+---------------+---------------------------------------------------------------------------------------------------------------------------------------------------------------------------------------------------------------------------------------------------------------------------------------------------------------------------------------------------------------------------------------+
